// Jest Snapshot v1, https://goo.gl/fbAQLP

exports[`LoginForm should match snapshot and styles 1`] = `
<div>
  <div
    class="makeStyles-root-1"
  >
    <input
      id="name"
      label="Name"
    />
    <input
      id="password"
      label="Password"
    />
    <div
      class="makeStyles-wrapper-2"
    >
      <button>
        Log in
      </button>
    </div>
  </div>
</div>
`;
